// Jest Snapshot v1, https://goo.gl/fbAQLP

exports[`wall deberia de renderizar la pantalla wall correctamente 1`] = `"<section class=\\"wall-section\\"><section class=\\"section-menu\\"><button class=\\"btn-close-menu\\">×</button><section class=\\"section-btn-menu\\"><section class=\\"section-perfil-menu\\"><button class=\\"btn-menu\\">Perfil<img class=\\"img-perfil-menu\\" src=\\"images/cat-porfile-menu.png\\" width=\\"60\\" height=\\"60\\"></button></section><section><button class=\\"btn-menu\\">Muro<img class=\\"img-muro-menu\\" src=\\"images/cat-muro-menu.png\\" width=\\"60\\" height=\\"60\\"></button></section><section><button class=\\"btn-menu\\">Amigxs<img class=\\"img-amigxs-menu\\" src=\\"images/amigxs-menu.png\\" width=\\"60\\" height=\\"60\\"></button></section></section><section class=\\"section-logout\\"><button class=\\"btn-logout\\">Cerrar sesión<img class=\\"img-signout\\" src=\\"images/signout-dog.png\\" width=\\"60\\" height=\\"60\\"></button></section></section><header><article class=\\"hamburger\\"><img src=\\"images/hamburguer.png\\" alt=\\"hamburguer\\"></article><article class=\\"logo-container\\"><article class=\\"wall-logo\\"><img src=\\"images/logo.png\\" alt=\\"logo\\" width=\\"83\\" height=\\"77\\"></article><article class=\\"logo-span\\"><span class=\\"peta\\"></span><span class=\\"gram\\"></span></article></article><article class=\\"profilePic\\"><img src=\\"images/profile-img.png\\" alt=\\"profile picture\\"></article></header><main class=\\"container-wall\\"><section class=\\"post-input\\"><article class=\\"your-post\\"><form class=\\"form-yourpost\\"><label for=\\"your-postinput\\"></label><br><input class=\\"your-postInput\\" type=\\"text\\" id=\\"your-postinput\\" name=\\"your-postinput\\" placeholder=\\"Escribe algo sobre tus mascotas...\\"><br><article class=\\"containerbutton\\"><button class=\\"btnyour-post\\"><img src=\\"images/pawn.png\\" alt=\\"pawn\\">Publicar</button></article></form></article></section><section class=\\"posts-section\\"><article class=\\"post\\"><div class=\\"post-header\\"><img class=\\"user-image\\" src=\\"images/user1.png\\" alt=\\"profile picture\\"><p>Fulanitx escribió:</p></div><div class=\\"post-content\\"><p>¡Hola a todxs! Dale like si a tu mascota le gusta el pollito.</p></div><div class=\\"post-bottom\\"><div class=\\"reactions\\"><img src=\\"images/dog.png\\" alt=\\"dog reaction\\"><p>10</p><img src=\\"images/cat.png\\" alt=\\"cat reaction\\"><p>18</p></div><button class=\\"btnComment\\" type=\\"button\\"><img src=\\"images/post-pawn.png\\">Comentar</button></div></article><article class=\\"post\\"><div class=\\"post-header\\"><img class=\\"user-image\\" src=\\"images/user2.png\\" alt=\\"profile picture\\"><p>Fulanitx escribió:</p></div><div class=\\"post-content\\"><p>Les recomiendo estos lugares pet-friendly: Patazonia, TacoFriends y Cinemalitos.</p></div><div class=\\"post-bottom\\"><div class=\\"reactions\\"><img src=\\"images/dog.png\\" alt=\\"dog reaction\\"><p>2</p><img src=\\"images/cat.png\\" alt=\\"cat reaction\\"><p>18</p></div><button class=\\"btnComment\\" type=\\"button\\"><img src=\\"images/post-pawn.png\\">Comentar</button></div></article></section></main><div class=\\"confirmationModal\\" style=\\"display: none;\\"><p>¿Segurx que deseas eliminar esta publicación?</p><img src=\\"images/dogConfirm.png\\"><button class=\\"confirmBtn\\">Eliminar</button><button class=\\"cancelBtn\\">Cancelar</button></div></section>"`;
